// Jest Snapshot v1, https://goo.gl/fbAQLP

exports[`testing the nav component width 1`] = `
<nav
  style={
    Object {
      "left": 200,
    }
  }
>
  <ul>
    <li>
      <a
        href="#home"
      >
        Home
      </a>
    </li>
    <li>
      <a
        href="#about"
      >
        About
      </a>
    </li>
    <li>
      <a
        href="#personal-projects"
      >
        Personal Projects
      </a>
    </li>
    <li>
      <a
        href="#contact"
      >
        Contact
      </a>
    </li>
  </ul>
</nav>
`;
